[    0.000000] Linux version 4.15.0-46-generic (buildd@lgw01-amd64-038) (gcc version 7.3.0 (Ubuntu 7.3.0-16ubuntu3)) #49-Ubuntu SMP Wed Feb 6 09:33:07 UTC 2019 (Ubuntu 4.15.0-46.49-generic 4.15.18)
[    0.000000] Command line: BOOT_IMAGE=/boot/vmlinuz-4.15.0-46-generic root=LABEL=cloudimg-rootfs ro console=tty1 console=ttyS0
[    0.000000] KERNEL supported cpus:
[    0.000000]   Intel GenuineIntel
[    0.000000]   AMD AuthenticAMD
[    0.000000]   Centaur CentaurHauls
[    0.000000] [Firmware Bug]: TSC doesn't count with P0 frequency!
[    0.000000] x86/fpu: Supporting XSAVE feature 0x001: 'x87 floating point registers'
[    0.000000] x86/fpu: Supporting XSAVE feature 0x002: 'SSE registers'
[    0.000000] x86/fpu: Supporting XSAVE feature 0x004: 'AVX registers'
[    0.000000] x86/fpu: xstate_offset[2]:  576, xstate_sizes[2]:  256
[    0.000000] x86/fpu: Enabled xstate features 0x7, context size is 832 bytes, using 'standard' format.
[    0.000000] e820: BIOS-provided physical RAM map:
[    0.000000] BIOS-e820: [mem 0x0000000000000000-0x000000000009fbff] usable
[    0.000000] BIOS-e820: [mem 0x000000000009fc00-0x000000000009ffff] reserved
[    0.000000] BIOS-e820: [mem 0x00000000000f0000-0x00000000000fffff] reserved
[    0.000000] BIOS-e820: [mem 0x0000000000100000-0x000000003ffeffff] usable
[    0.000000] BIOS-e820: [mem 0x000000003fff0000-0x000000003fffffff] ACPI data
[    0.000000] BIOS-e820: [mem 0x00000000fec00000-0x00000000fec00fff] reserved
[    0.000000] BIOS-e820: [mem 0x00000000fee00000-0x00000000fee00fff] reserved
[    0.000000] BIOS-e820: [mem 0x00000000fffc0000-0x00000000ffffffff] reserved
[    0.000000] NX (Execute Disable) protection: active
[    0.000000] SMBIOS 2.5 present.
[    0.000000] DMI: innotek GmbH VirtualBox/VirtualBox, BIOS VirtualBox 12/01/2006
[    0.000000] Hypervisor detected: KVM
[    0.000000] e820: last_pfn = 0x3fff0 max_arch_pfn = 0x400000000
[    0.000000] MTRR: Disabled
[    0.000000] x86/PAT: MTRRs disabled, skipping PAT initialization too.
[    0.000000] CPU MTRRs all blank - virtualized system.
[    0.000000] x86/PAT: Configuration [0-7]: WB  WT  UC- UC  WB  WT  UC- UC  
[    0.000000] found SMP MP-table at [mem 0x0009fff0-0x0009ffff] mapped at [        (ptrval)]
[    0.000000] Scanning 1 areas for low memory corruption
[    0.000000] RAMDISK: [mem 0x35add000-0x36d65fff]
[    0.000000] ACPI: Early table checksum verification disabled
[    0.000000] ACPI: RSDP 0x00000000000E0000 000024 (v02 VBOX  )
[    0.000000] ACPI: XSDT 0x000000003FFF0030 00003C (v01 VBOX   VBOXXSDT 00000001 ASL  00000061)
[    0.000000] ACPI: FACP 0x000000003FFF00F0 0000F4 (v04 VBOX   VBOXFACP 00000001 ASL  00000061)
[    0.000000] ACPI: DSDT 0x000000003FFF0470 0022EA (v02 VBOX   VBOXBIOS 00000002 INTL 20180105)
[    0.000000] ACPI: FACS 0x000000003FFF0200 000040
[    0.000000] ACPI: FACS 0x000000003FFF0200 000040
[    0.000000] ACPI: APIC 0x000000003FFF0240 00005C (v02 VBOX   VBOXAPIC 00000001 ASL  00000061)
[    0.000000] ACPI: SSDT 0x000000003FFF02A0 0001CC (v01 VBOX   VBOXCPUT 00000002 INTL 20180105)
[    0.000000] No NUMA configuration found
[    0.000000] Faking a node at [mem 0x0000000000000000-0x000000003ffeffff]
[    0.000000] NODE_DATA(0) allocated [mem 0x3ffc5000-0x3ffeffff]
[    0.000000] kvm-clock: cpu 0, msr 0:3ff44001, primary cpu clock
[    0.000000] kvm-clock: Using msrs 4b564d01 and 4b564d00
[    0.000000] kvm-clock: using sched offset of 4922634740 cycles
[    0.000000] clocksource: kvm-clock: mask: 0xffffffffffffffff max_cycles: 0x1cd42e4dffb, max_idle_ns: 881590591483 ns
[    0.000000] Zone ranges:
[    0.000000]   DMA      [mem 0x0000000000001000-0x0000000000ffffff]
[    0.000000]   DMA32    [mem 0x0000000001000000-0x000000003ffeffff]
[    0.000000]   Normal   empty
[    0.000000]   Device   empty
[    0.000000] Movable zone start for each node
[    0.000000] Early memory node ranges
[    0.000000]   node   0: [mem 0x0000000000001000-0x000000000009efff]
[    0.000000]   node   0: [mem 0x0000000000100000-0x000000003ffeffff]
[    0.000000] Reserved but unavailable: 114 pages
[    0.000000] Initmem setup node 0 [mem 0x0000000000001000-0x000000003ffeffff]
[    0.000000] ACPI: PM-Timer IO Port: 0x4008
[    0.000000] IOAPIC[0]: apic_id 2, version 32, address 0xfec00000, GSI 0-23
[    0.000000] ACPI: INT_SRC_OVR (bus 0 bus_irq 0 global_irq 2 dfl dfl)
[    0.000000] ACPI: INT_SRC_OVR (bus 0 bus_irq 9 global_irq 9 low level)
[    0.000000] Using ACPI (MADT) for SMP configuration information
[    0.000000] smpboot: Allowing 2 CPUs, 0 hotplug CPUs
[    0.000000] PM: Registered nosave memory: [mem 0x00000000-0x00000fff]
[    0.000000] PM: Registered nosave memory: [mem 0x0009f000-0x0009ffff]
[    0.000000] PM: Registered nosave memory: [mem 0x000a0000-0x000effff]
[    0.000000] PM: Registered nosave memory: [mem 0x000f0000-0x000fffff]
[    0.000000] e820: [mem 0x40000000-0xfebfffff] available for PCI devices
[    0.000000] Booting paravirtualized kernel on KVM
[    0.000000] clocksource: refined-jiffies: mask: 0xffffffff max_cycles: 0xffffffff, max_idle_ns: 7645519600211568 ns
[    0.000000] random: get_random_bytes called from start_kernel+0x99/0x4fd with crng_init=0
[    0.000000] setup_percpu: NR_CPUS:8192 nr_cpumask_bits:2 nr_cpu_ids:2 nr_node_ids:1
[    0.000000] percpu: Embedded 46 pages/cpu @        (ptrval) s151552 r8192 d28672 u1048576
[    0.000000] PV qspinlock hash table entries: 256 (order: 0, 4096 bytes)
[    0.000000] Built 1 zonelists, mobility grouping on.  Total pages: 257913
[    0.000000] Policy zone: DMA32
[    0.000000] Kernel command line: BOOT_IMAGE=/boot/vmlinuz-4.15.0-46-generic root=LABEL=cloudimg-rootfs ro console=tty1 console=ttyS0
[    0.000000] Memory: 983604K/1048120K available (12300K kernel code, 2473K rwdata, 4252K rodata, 2408K init, 2416K bss, 64516K reserved, 0K cma-reserved)
[    0.000000] SLUB: HWalign=64, Order=0-3, MinObjects=0, CPUs=2, Nodes=1
[    0.000000] ftrace: allocating 39198 entries in 154 pages
[    0.004000] Hierarchical RCU implementation.
[    0.004000] 	RCU restricting CPUs from NR_CPUS=8192 to nr_cpu_ids=2.
[    0.004000] 	Tasks RCU enabled.
[    0.004000] RCU: Adjusting geometry for rcu_fanout_leaf=16, nr_cpu_ids=2
[    0.004000] NR_IRQS: 524544, nr_irqs: 440, preallocated irqs: 16
[    0.004000] Console: colour VGA+ 80x25
[    0.004000] console [tty1] enabled
[    0.004000] console [ttyS0] enabled
[    0.004000] ACPI: Core revision 20170831
[    0.004000] ACPI: 2 ACPI AML tables successfully acquired and loaded
[    0.004000] APIC: Switch to symmetric I/O mode setup
[    0.004000] x2apic enabled
[    0.004000] Switched APIC routing to physical x2apic.
[    0.004000] ..TIMER: vector=0x30 apic1=0 pin1=2 apic2=-1 pin2=-1
[    0.004000] tsc: Detected 3599.992 MHz processor
[    0.004000] Calibrating delay loop (skipped) preset value.. 7199.98 BogoMIPS (lpj=14399968)
[    0.004000] pid_max: default: 32768 minimum: 301
[    0.004000] Security Framework initialized
[    0.004000] Yama: becoming mindful.
[    0.004000] AppArmor: AppArmor initialized
[    0.004000] Dentry cache hash table entries: 131072 (order: 8, 1048576 bytes)
[    0.004047] Inode-cache hash table entries: 65536 (order: 7, 524288 bytes)
[    0.008012] Mount-cache hash table entries: 2048 (order: 2, 16384 bytes)
[    0.012005] Mountpoint-cache hash table entries: 2048 (order: 2, 16384 bytes)
[    0.016593] mce: CPU supports 0 MCE banks
[    0.020066] Last level iTLB entries: 4KB 1024, 2MB 1024, 4MB 512
[    0.024002] Last level dTLB entries: 4KB 1536, 2MB 1536, 4MB 768, 1GB 0
[    0.028003] Spectre V2 : Spectre mitigation: LFENCE not serializing, switching to generic retpoline
[    0.032002] Spectre V2 : Mitigation: Full generic retpoline
[    0.036002] Spectre V2 : Spectre v2 / SpectreRSB mitigation: Filling RSB on context switch
[    0.040002] Speculative Store Bypass: Mitigation: Speculative Store Bypass disabled via prctl and seccomp
[    0.044154] Freeing SMP alternatives memory: 36K
[    0.056000] APIC calibration not consistent with PM-Timer: 96ms instead of 100ms
[    0.056000] APIC delta adjusted to PM-Timer: 6505612 (6249407)
[    0.056187] smpboot: CPU0: AMD Ryzen 5 2600X Six-Core Processor (family: 0x17, model: 0x8, stepping: 0x2)
[    0.060064] Performance Events: PMU not available due to virtualization, using software events only.
[    0.064085] Hierarchical SRCU implementation.
[    0.068531] NMI watchdog: Perf event create on CPU 0 failed with -2
[    0.072002] NMI watchdog: Perf NMI watchdog permanently disabled
[    0.076040] smp: Bringing up secondary CPUs ...
[    0.080071] x86: Booting SMP configuration:
[    0.084002] .... node  #0, CPUs:      #1
[    0.004000] kvm-clock: cpu 1, msr 0:3ff44041, secondary cpu clock
[    0.004000] mce: CPU supports 0 MCE banks
[    0.104050] smp: Brought up 1 node, 2 CPUs
[    0.108005] smpboot: Max logical packages: 1
[    0.110903] smpboot: Total of 2 processors activated (14399.96 BogoMIPS)
[    0.112149] devtmpfs: initialized
[    0.116058] x86/mm: Memory block size: 128MB
[    0.119065] evm: security.selinux
[    0.120003] evm: security.SMACK64
[    0.122326] evm: security.SMACK64EXEC
[    0.124002] evm: security.SMACK64TRANSMUTE
[    0.126895] evm: security.SMACK64MMAP
[    0.128002] evm: security.apparmor
[    0.130425] evm: security.ima
[    0.132002] evm: security.capability
[    0.136114] clocksource: jiffies: mask: 0xffffffff max_cycles: 0xffffffff, max_idle_ns: 7645041785100000 ns
[    0.140039] futex hash table entries: 512 (order: 3, 32768 bytes)
[    0.144074] pinctrl core: initialized pinctrl subsystem
[    0.148730] RTC time:  1:00:28, date: 03/25/19
[    0.152628] NET: Registered protocol family 16
[    0.155682] audit: initializing netlink subsys (disabled)
[    0.156206] audit: type=2000 audit(1553475634.478:1): state=initialized audit_enabled=0 res=1
[    0.172129] cpuidle: using governor ladder
[    0.176102] cpuidle: using governor menu
[    0.184040] ACPI: bus type PCI registered
[    0.186825] acpiphp: ACPI Hot Plug PCI Controller Driver version: 0.5
[    0.188253] PCI: Using configuration type 1 for base access
[    0.192002] PCI: Using configuration type 1 for extended access
[    0.196890] HugeTLB registered 2.00 MiB page size, pre-allocated 0 pages
[    0.200219] ACPI: Added _OSI(Module Device)
[    0.204003] ACPI: Added _OSI(Processor Device)
[    0.208037] ACPI: Added _OSI(3.0 _SCP Extensions)
[    0.211181] ACPI: Added _OSI(Processor Aggregator Device)
[    0.212011] ACPI: Added _OSI(Linux-Dell-Video)
[    0.214985] ACPI: Added _OSI(Linux-Lenovo-NV-HDMI-Audio)
[    0.216003] ACPI: Added _OSI(Linux-HPI-Hybrid-Graphics)
[    0.220558] ACPI: Executed 1 blocks of module-level executable AML code
[    0.230375] ACPI: Interpreter enabled
[    0.232011] ACPI: (supports S0 S5)
[    0.234453] ACPI: Using IOAPIC for interrupt routing
[    0.236316] PCI: Using host bridge windows from ACPI; if necessary, use "pci=nocrs" and report a bug
[    0.240252] ACPI: Enabled 2 GPEs in block 00 to 07
[    0.244000] ACPI: PCI Root Bridge [PCI0] (domain 0000 [bus 00-ff])
[    0.244007] acpi PNP0A03:00: _OSC: OS supports [ExtendedConfig ASPM ClockPM Segments MSI]
[    0.249245] acpi PNP0A03:00: _OSC: platform does not support [PCIeCapability]
[    0.252656] acpi PNP0A03:00: _OSC: not requesting control; platform does not support [PCIeCapability]
[    0.256004] acpi PNP0A03:00: _OSC: OS requested [PCIeHotplug PME AER PCIeCapability]
[    0.260003] acpi PNP0A03:00: _OSC: platform willing to grant [PCIeHotplug PME AER]
[    0.264005] acpi PNP0A03:00: _OSC failed (AE_SUPPORT); disabling ASPM
[    0.268565] PCI host bridge to bus 0000:00
[    0.271472] pci_bus 0000:00: root bus resource [io  0x0000-0x0cf7 window]
[    0.272006] pci_bus 0000:00: root bus resource [io  0x0d00-0xffff window]
[    0.276003] pci_bus 0000:00: root bus resource [mem 0x000a0000-0x000bffff window]
[    0.280004] pci_bus 0000:00: root bus resource [mem 0x40000000-0xfdffffff window]
[    0.284006] pci_bus 0000:00: root bus resource [bus 00-ff]
[    0.293923] pci 0000:00:01.1: legacy IDE quirk: reg 0x10: [io  0x01f0-0x01f7]
[    0.296004] pci 0000:00:01.1: legacy IDE quirk: reg 0x14: [io  0x03f6]
[    0.300003] pci 0000:00:01.1: legacy IDE quirk: reg 0x18: [io  0x0170-0x0177]
[    0.304023] pci 0000:00:01.1: legacy IDE quirk: reg 0x1c: [io  0x0376]
[    0.526043] pci 0000:00:07.0: quirk: [io  0x4000-0x403f] claimed by PIIX4 ACPI
[    0.528030] pci 0000:00:07.0: quirk: [io  0x4100-0x410f] claimed by PIIX4 SMB
[    0.628199] ACPI: PCI Interrupt Link [LNKA] (IRQs 5 9 10 *11)
[    0.632142] ACPI: PCI Interrupt Link [LNKB] (IRQs 5 9 *10 11)
[    0.636171] ACPI: PCI Interrupt Link [LNKC] (IRQs 5 *9 10 11)
[    0.640139] ACPI: PCI Interrupt Link [LNKD] (IRQs 5 9 10 *11)
[    0.648000] SCSI subsystem initialized
[    0.652903] pci 0000:00:02.0: vgaarb: setting as boot VGA device
[    0.656000] pci 0000:00:02.0: vgaarb: VGA device added: decodes=io+mem,owns=io+mem,locks=none
[    0.660007] pci 0000:00:02.0: vgaarb: bridge control possible
[    0.668002] vgaarb: loaded
[    0.668126] ACPI: bus type USB registered
[    0.672135] usbcore: registered new interface driver usbfs
[    0.676020] usbcore: registered new interface driver hub
[    0.680051] usbcore: registered new device driver usb
[    0.684310] EDAC MC: Ver: 3.0.0
[    0.692486] PCI: Using ACPI for IRQ routing
[    0.696013] NetLabel: Initializing
[    0.696013] NetLabel:  domain hash size = 128
[    0.700002] NetLabel:  protocols = UNLABELED CIPSOv4 CALIPSO
[    0.704047] NetLabel:  unlabeled traffic allowed by default
[    0.709329] clocksource: Switched to clocksource kvm-clock
[    0.754166] VFS: Disk quotas dquot_6.6.0
[    0.757713] VFS: Dquot-cache hash table entries: 512 (order 0, 4096 bytes)
[    0.757888] AppArmor: AppArmor Filesystem Enabled
[    0.757888] pnp: PnP ACPI init
[    0.757888] pnp: PnP ACPI: found 3 devices
[    0.796783] clocksource: acpi_pm: mask: 0xffffff max_cycles: 0xffffff, max_idle_ns: 2085701024 ns
[    0.800758] NET: Registered protocol family 2
[    0.809363] TCP established hash table entries: 8192 (order: 4, 65536 bytes)
[    0.815686] TCP bind hash table entries: 8192 (order: 5, 131072 bytes)
[    0.819620] TCP: Hash tables configured (established 8192 bind 8192)
[    0.819620] UDP hash table entries: 512 (order: 2, 16384 bytes)
[    0.819620] UDP-Lite hash table entries: 512 (order: 2, 16384 bytes)
[    0.819620] NET: Registered protocol family 1
[    0.819620] pci 0000:00:00.0: Limiting direct PCI/PCI transfers
[    0.819620] pci 0000:00:01.0: Activating ISA DMA hang workarounds
[    0.819620] pci 0000:00:02.0: Video device with shadowed ROM at [mem 0x000c0000-0x000dffff]
[    0.819620] Unpacking initramfs...
[    1.311315] Freeing initrd memory: 18980K
[    1.315481] platform rtc_cmos: registered platform RTC device (no PNP device found)
[    1.324214] Scanning for low memory corruption every 60 seconds
[    1.335350] Initialise system trusted keyrings
[    1.342541] Key type blacklist registered
[    1.349132] workingset: timestamp_bits=36 max_order=18 bucket_order=0
[    1.360390] zbud: loaded
[    1.365975] squashfs: version 4.0 (2009/01/31) Phillip Lougher
[    1.374975] fuse init (API version 7.26)
[    1.407751] Key type asymmetric registered
[    1.413972] Asymmetric key parser 'x509' registered
[    1.418678] Block layer SCSI generic (bsg) driver version 0.4 loaded (major 246)
[    1.431677] io scheduler noop registered
[    1.437163] io scheduler deadline registered
[    1.442141] io scheduler cfq registered (default)
[    1.450319] ACPI: AC Adapter [AC] (on-line)
[    1.473233] input: Power Button as /devices/LNXSYSTM:00/LNXPWRBN:00/input/input0
[    1.518353] ACPI: Power Button [PWRF]
[    1.550061] input: Sleep Button as /devices/LNXSYSTM:00/LNXSLPBN:00/input/input1
[    1.561105] ACPI: Sleep Button [SLPF]
[    1.564633] Serial: 8250/16550 driver, 32 ports, IRQ sharing enabled
 	
 !"#$%&'()*+,-./0123456789:;<=>?@ABCDEFGHIJKLMNOPQRSTUVWXYZ[\]^_`abcdefghijklmnopqrstuvwxyz{|}~€‚ƒ„…†‡ˆ‰Š‹ŒŽ‘’“”•–—˜™š›œžŸ ¡¢£¤¥¦§¨©ª«¬­®¯°±²³´µ¶·¸¹º»¼½¾¿ÀÁÂÃÄÅÆÇÈÉÊËÌÍÎÏÐÑÒÓÔÕÖ×ØÙÚÛÜÝÞßàáâãäåæçèéêëìíîïðñòóôõö÷øùúûüýþÿ[    1.606106] 00:02: ttyS0 at I/O 0x3f8 (irq = 4, base_baud = 115200) is a 16550A
[    1.623203] Linux agpgart interface v0.103
[    1.634632] loop: module loaded
[    1.638862] scsi host0: ata_piix
[    1.641816] scsi host1: ata_piix
[    1.644638] ata1: PATA max UDMA/33 cmd 0x1f0 ctl 0x3f6 bmdma 0xd000 irq 14
[    1.650167] ata2: PATA max UDMA/33 cmd 0x170 ctl 0x376 bmdma 0xd008 irq 15
[    1.655774] libphy: Fixed MDIO Bus: probed
[    1.659475] tun: Universal TUN/TAP device driver, 1.6
[    1.664000] PPP generic driver version 2.4.2
[    1.669979] ehci_hcd: USB 2.0 'Enhanced' Host Controller (EHCI) Driver
[    1.675278] ehci-pci: EHCI PCI platform driver
[    1.680542] ehci-platform: EHCI generic platform driver
[    1.685197] ohci_hcd: USB 1.1 'Open' Host Controller (OHCI) Driver
[    1.690512] ohci-pci: OHCI PCI platform driver
[    1.694312] ohci-platform: OHCI generic platform driver
[    1.698643] uhci_hcd: USB Universal Host Controller Interface driver
[    1.703844] i8042: PNP: PS/2 Controller [PNP0303:PS2K,PNP0f03:PS2M] at 0x60,0x64 irq 1,12
[    1.712509] serio: i8042 KBD port at 0x60,0x64 irq 1
[    1.715955] serio: i8042 AUX port at 0x60,0x64 irq 12
[    1.719953] mousedev: PS/2 mouse device common for all mice
[    1.725540] rtc_cmos rtc_cmos: rtc core: registered rtc_cmos as rtc0
[    1.730153] rtc_cmos rtc_cmos: alarms up to one day, 114 bytes nvram
[    1.734532] i2c /dev entries driver
[    1.737200] pcie_mp2_amd: AMD(R) PCI-E MP2 Communication Driver Version: 1.0
[    1.742246] device-mapper: uevent: version 1.0.3
[    1.746986] input: AT Translated Set 2 keyboard as /devices/platform/i8042/serio0/input/input2
[    1.747142] device-mapper: ioctl: 4.37.0-ioctl (2017-09-20) initialised: dm-devel@redhat.com
[    1.758267] ledtrig-cpu: registered to indicate activity on CPUs
[    1.765061] NET: Registered protocol family 10
[    1.774500] Segment Routing with IPv6
[    1.777218] NET: Registered protocol family 17
[    1.780638] Key type dns_resolver registered
[    1.784570] RAS: Correctable Errors collector initialized.
[    1.788529] sched_clock: Marking stable (1784529776, 0)->(2586151599, -801621823)
[    1.796383] registered taskstats version 1
[    1.804630] Loading compiled-in X.509 certificates
[    1.818270] Loaded X.509 cert 'Build time autogenerated kernel key: b873a790e41754b50f7dbae45b6bd46229c3c73f'
[    1.827588] zswap: loaded using pool lzo/zbud
[    1.836777] Key type big_key registered
[    1.839923] Key type trusted registered
[    1.846984] Key type encrypted registered
[    1.854444] AppArmor: AppArmor sha1 policy hashing enabled
[    1.863985] ima: No TPM chip found, activating TPM-bypass! (rc=-19)
[    1.874958] ima: Allocated hash algorithm: sha1
[    1.883872] evm: HMAC attrs: 0x1
[    1.890358]   Magic number: 11:922:3
[    1.893910] rtc_cmos rtc_cmos: setting system clock to 2019-03-25 01:00:30 UTC (1553475630)
[    1.900916] BIOS EDD facility v0.16 2004-Jun-25, 0 devices found
[    1.914219] EDD information not available.
[    1.924009] Freeing unused kernel memory: 2408K
[    1.940471] Write protecting the kernel read-only data: 20480k
[    1.961507] Freeing unused kernel memory: 2008K
[    1.980280] Freeing unused kernel memory: 1892K
[    1.988457] x86/mm: Checked W+X mappings: passed, no W+X pages found.
Loading, please wait...
starting version 237
[    2.087432] Fusion MPT base driver 3.04.20
[    2.087505] e1000: Intel(R) PRO/1000 Network Driver - version 7.3.21-k8-NAPI
[    2.087505] e1000: Copyright (c) 1999-2006 Intel Corporation.
[    2.102765] Copyright (c) 1999-2008 LSI Corporation
[    2.116833] Fusion MPT SPI Host driver 3.04.20
[    2.143795] AVX2 version of gcm_enc/dec engaged.
[    2.147199] AES CTR mode by8 optimization enabled
[    2.337672] input: ImExPS/2 Generic Explorer Mouse as /devices/platform/i8042/serio1/input/input4
[    2.634629] e1000 0000:00:03.0 eth0: (PCI:33MHz:32-bit) 02:36:5d:d2:e9:95
[    2.663369] e1000 0000:00:03.0 eth0: Intel(R) PRO/1000 Network Connection
[    2.677815] mptbase: ioc0: Initiating bringup
[    3.354206] ioc0: LSI53C1030 A0: Capabilities={Initiator}
[    3.608685] scsi host2: ioc0: LSI53C1030 A0, FwRev=00000000h, Ports=1, MaxQ=256, IRQ=20
[    3.789860] scsi 2:0:0:0: Direct-Access     VBOX     HARDDISK         1.0  PQ: 0 ANSI: 5
[    3.857317] scsi target2:0:0: Beginning Domain Validation
[    3.893853] scsi target2:0:0: Domain Validation skipping write tests
[    3.912521] scsi target2:0:0: Ending Domain Validation
[    3.916458] scsi target2:0:0: asynchronous
[    3.920755] scsi 2:0:1:0: Direct-Access     VBOX     HARDDISK         1.0  PQ: 0 ANSI: 5
[    4.224361] scsi target2:0:1: Beginning Domain Validation
[    4.234584] random: fast init done
[    4.241800] scsi target2:0:1: Domain Validation skipping write tests
[    4.251230] scsi target2:0:1: Ending Domain Validation
[    4.256550] scsi target2:0:1: asynchronous
[    4.263903] random: systemd-udevd: uninitialized urandom read (16 bytes read)
[    4.269174] sd 2:0:0:0: [sda] 20971520 512-byte logical blocks: (10.7 GB/10.0 GiB)
[    4.274353] sd 2:0:0:0: [sda] Write Protect is off
[    4.277797] sd 2:0:0:0: Attached scsi generic sg0 type 0
[    4.281802] sd 2:0:0:0: [sda] Incomplete mode parameter data
[    4.285657] sd 2:0:0:0: [sda] Assuming drive cache: write through
[    4.289852] random: systemd-udevd: uninitialized urandom read (16 bytes read)
[    4.291878] sd 2:0:1:0: Attached scsi generic sg1 type 0
[    4.299131] random: systemd-udevd: uninitialized urandom read (16 bytes read)
[    4.299461] sd 2:0:1:0: [sdb] 20480 512-byte logical blocks: (10.5 MB/10.0 MiB)
[    4.299765] sd 2:0:1:0: [sdb] Write Protect is off
[    4.300640] sd 2:0:1:0: [sdb] Incomplete mode parameter data
[    4.300641] sd 2:0:1:0: [sdb] Assuming drive cache: write through
[    4.306012]  sda: sda1
[    4.311621] sd 2:0:1:0: [sdb] Attached SCSI disk
[    4.312139] sd 2:0:0:0: [sda] Attached SCSI disk
[    4.368797] e1000 0000:00:08.0 eth1: (PCI:33MHz:32-bit) 08:00:27:80:92:1d
[    4.377478] e1000 0000:00:08.0 eth1: Intel(R) PRO/1000 Network Connection
[    4.385511] e1000 0000:00:03.0 enp0s3: renamed from eth0
[    4.404906] e1000 0000:00:08.0 enp0s8: renamed from eth1
Begin: Loading essential drivers ... [    7.180346] raid6: sse2x1   gen()  7999 MB/s
[    7.236238] raid6: sse2x1   xor()  4928 MB/s
[    7.288154] raid6: sse2x2   gen() 15738 MB/s
[    7.344606] raid6: sse2x2   xor()  5051 MB/s
[    7.428534] raid6: sse2x4   gen()  2242 MB/s
[    7.476320] raid6: sse2x4   xor()  8423 MB/s
[    7.524737] raid6: avx2x1   gen() 18124 MB/s
[    7.572144] raid6: avx2x1   xor() 13522 MB/s
[    7.623582] raid6: avx2x2   gen() 20622 MB/s
[    7.680516] raid6: avx2x2   xor() 14406 MB/s
[    7.732375] raid6: avx2x4   gen() 24543 MB/s
[    7.784290] raid6: avx2x4   xor() 12580 MB/s
[    7.788375] raid6: using algorithm avx2x4 gen() 24543 MB/s
[    7.793426] raid6: .... xor() 12580 MB/s, rmw enabled
[    7.798585] raid6: using avx2x2 recovery algorithm
[    7.806328] xor: automatically using best checksumming function   avx       
[    7.817944] async_tx: api initialized (async)
done.
Begin: Running /scripts/init-premount ... done.
Begin: Mounting root file system ... Begin: Running /scripts/local-top ... done.
Begin: Running /scripts/local-premount ... [    7.872441] Btrfs loaded, crc32c=crc32c-intel
Scanning for Btrfs filesystems
done.
Warning: fsck not present, so skipping root file system
[    7.924778] EXT4-fs (sda1): mounted filesystem with ordered data mode. Opts: (null)
done.
Begin: Running /scripts/local-bottom ... done.
Begin: Running /scripts/init-bottom ... done.
[    8.132220] ip_tables: (C) 2000-2006 Netfilter Core Team
[    8.145883] systemd[1]: systemd 237 running in system mode. (+PAM +AUDIT +SELINUX +IMA +APPARMOR +SMACK +SYSVINIT +UTMP +LIBCRYPTSETUP +GCRYPT +GNUTLS +ACL +XZ +LZ4 +SECCOMP +BLKID +ELFUTILS +KMOD -IDN2 +IDN -PCRE2 default-hierarchy=hybrid)
[    8.159492] systemd[1]: Detected virtualization oracle.
[    8.163123] systemd[1]: Detected architecture x86-64.

Welcome to [1mUbuntu 18.04.2 LTS[0m!

[    8.178324] systemd[1]: Set hostname to <ubuntu>.
[    8.186473] systemd[1]: Initializing machine ID from random generator.
[    8.190840] systemd[1]: Installed transient /etc/machine-id file.
[    8.505085] systemd[1]: Reached target Swap.
[[0;32m  OK  [0m] Reached target Swap.
[    8.540674] systemd[1]: Set up automount Arbitrary Executable File Formats File System Automount Point.
[[0;32m  OK  [0m] Set up automount Arbitrary Executabâ€¦rmats File System Automount Point.
[    8.589976] systemd[1]: Reached target User and Group Name Lookups.
[[0;32m  OK  [0m] Reached target User and Group Name Lookups.
[    8.597956] systemd[1]: Started Forward Password Requests to Wall Directory Watch.
[[0;32m  OK  [0m] Started Forward Password Requests to Wall Directory Watch.
[[0;32m  OK  [0m] Created slice User and Session Slice.
[[0;32m  OK  [0m] Created slice System Slice.
[[0;32m  OK  [0m] Listening on Journal Socket.
         Starting Load Kernel Modules...
         Starting Set the console keyboard layout...
[[0;32m  OK  [0m] Listening on Network Service Netlink Socket.
[[0;32m  OK  [0m] Listening on LVM2 poll daemon socket.
         Mounting Kernel Debug File System...
[[0;32m  OK  [0m] Listening on udev Control Socket.
         Starting Create list of required stâ€¦ce nodes for the current kernel...
[[0;32m  OK  [0m] Listening on /dev/initctl Compatibility Named Pipe.
[[0;32m  OK  [0m] Listening on Device-mapper event daemon FIFOs.
[[0;32m  OK  [0m] Listening on Syslog Socket.
[    8.677008] Loading iSCSI transport class v2.0-870.
[[0;32m  OK  [0m] Reached target System Time Synchronized.
         Starting Remount Root and Kernel File Systems...
[[0;32m  OK  [0m] Listening on Journal Audit Socket.
         Starting Uncomplicated firewall...
[[0;32m  OK  [0m] Listening on Journal Socket (/dev/log).
[[0;32m  OK  [0m] [    8.706124] iscsi: registered transport (tcp)
Created slice system-serial\x2dgetty.slice.
         Mounting POSIX Message Queue File System...
[[0;32m  OK  [0m] Listening on udev Kernel Socket.
         Starting udev Coldplug all Devices...
[[0;32m  OK  [0m] Reached target Slices.
         Mounting Huge Pages File System...
         Starting Journal Service...
[[0;32m  OK  [0m] Listening on LVM2 metadata daemon socket.
         Starting Monitoring of LVM2 mirrorsâ€¦ng dmeventd or progress polling...
[[0;32m  OK  [0m] Started Create list of required staâ€¦vice nodes for the current kernel.
         Starting Create Static Device Nodes in /dev...
[[0;32m  OK  [0m] Started Uncomplicated firewall.
[    8.787255] iscsi: registered transport (iser)
[[0;32m  OK  [0m] Started Load Kernel Modules.
         Mounting FUSE Control File System...
         Starting Apply Kernel Variables...
         Mounting Kernel Configuration File System...
[[0;32m  OK  [0m] Started udev Coldplug all Devices.
[[0;32m  OK  [0m] Started Journal Service.
[[0;32m  OK  [0m] Started Create Static Device Nodes in /dev.
[[0;32m  OK  [0m] Started Apply Kernel Variables.
[[0;32m  OK  [0m] Mounted Kernel Debug File System.
[[0;32m  OK  [0m] Mounted POSIX Message Queue File System.
[[0;32m  OK  [0m] Mounted Huge Pages File System.
[[0;32m  OK  [0m] Started Remount Root and Kernel File Systems.
[[0;32m  OK  [0m] Mounted FUSE Control File System.
[[0;32m  OK  [0m] Mounted Kernel Configuration File System.
         Starting udev Kernel Device Manager...
         Starting Load/Save Random Seed...
         Starting Initial cloud-init job (pre-networking)...
         Starting Flush Journal to Persistent Storage...
[[0;32m  OK  [0m] Started Load/Save Random Seed.
[[0;32m  OK  [0m] Started LVM2 metadata daemon.
[[0;32m  OK  [0m] Started Set the console keyboard layout.
[[0;32m  OK  [0m] Started udev Kernel Device Manager.
[[0;32m  OK  [0m] Started Dispatch Password Requests to Console Directory Watch.
[[0;32m  OK  [0m] Reached target Local Encrypted Volumes.
[[0;32m  OK  [0m] Started Monitoring of LVM2 mirrors,â€¦sing dmeventd or progress polling.
[[0;32m  OK  [0m] Reached target Local File Systems (Pre).
[[0;32m  OK  [0m] Reached target Local File Systems.
         Starting Commit a transient machine-id on disk...
         Starting Set console font and keymap...
         Starting AppArmor initialization...
         Starting Tell Plymouth To Write Out Runtime Data...
         Starting ebtables ruleset management...
[[0;32m  OK  [0m] Started Flush Journal to Persistent Storage.
         Starting Create Volatile Files and Directories...
[[0;32m  OK  [0m] Started Set console font and keymap.
[[0;32m  OK  [0m] Found device /dev/ttyS0.
[[0;32m  OK  [0m] Started Tell Plymouth To Write Out Runtime Data.
[[0;32m  OK  [0m] Started Create Volatile Files and Directories.
         Starting Update UTMP about System Boot/Shutdown...
[[0;32m  OK  [0m] Started Update UTMP about System Boot/Shutdown.
[[0;32m  OK  [0m] Started Commit a transient machine-id on disk.
[[0;32m  OK  [0m] Listening on Load/Save RF Kill Switch Status /dev/rfkill Watch.
[[0;32m  OK  [0m] Started ebtables ruleset management.
[[0;32m  OK  [0m] Started AppArmor initialization.
[   11.116210] cloud-init[423]: Cloud-init v. 18.5-45-g3554ffe8-0ubuntu1~18.04.1 running 'init-local' at Mon, 25 Mar 2019 01:00:39 +0000. Up 10.59 seconds.
[[0;32m  OK  [0m] Started Initial cloud-init job (pre-networking).
[[0;32m  OK  [0m] Reached target Network (Pre).
         Starting Network Service...
[[0;32m  OK  [0m] Started Network Service.
         Starting Network Name Resolution...
         Starting Wait for Network to be Configured...
[[0;32m  OK  [0m] Started Network Name Resolution.
[[0;32m  OK  [0m] Reached target Host and Network Name Lookups.
[[0;32m  OK  [0m] Reached target Network.
[[0;32m  OK  [0m] Started Wait for Network to be Configured.
         Starting Initial cloud-init job (metadata service crawler)...
[   12.868829] cloud-init[640]: Cloud-init v. 18.5-45-g3554ffe8-0ubuntu1~18.04.1 running 'init' at Mon, 25 Mar 2019 01:00:41 +0000. Up 12.70 seconds.
[   12.875317] cloud-init[640]: ci-info: ++++++++++++++++++++++++++++++++++++++Net device info+++++++++++++++++++++++++++++++++++++++
[   12.879588] cloud-init[640]: ci-info: +--------+-------+----------------------------+---------------+--------+-------------------+
[   12.884317] cloud-init[640]: ci-info: | Device |   Up  |          Address           |      Mask     | Scope  |     Hw-Address    |
[   12.888522] cloud-init[640]: ci-info: +--------+-------+----------------------------+---------------+--------+-------------------+
[   12.893154] cloud-init[640]: ci-info: | enp0s3 |  True |         10.0.2.15          | 255.255.255.0 | global | 02:36:5d:d2:e9:95 |
[   12.898976] cloud-init[640]: ci-info: | enp0s3 |  True | fe80::36:5dff:fed2:e995/64 |       .       |  link  | 02:36:5d:d2:e9:95 |
[   12.904785] cloud-init[640]: ci-info: | enp0s8 | False |             .              |       .       |   .    | 08:00:27:80:92:1d |
[   12.911789] cloud-init[640]: ci-info: |   lo   |  True |         127.0.0.1          |   255.0.0.0   |  host  |         .         |
[   12.917988] cloud-init[640]: ci-info: |   lo   |  True |          ::1/128           |       .       |  host  |         .         |
[   12.923426] cloud-init[640]: ci-info: +--------+-------+----------------------------+---------------+--------+-------------------+
[   12.928760] cloud-init[640]: ci-info: ++++++++++++++++++++++++++++Route IPv4 info+++++++++++++++++++++++++++++
[   12.933863] cloud-init[640]: ci-info: +-------+-------------+----------+-----------------+-----------+-------+
[   12.939299] cloud-init[640]: ci-info: | Route | Destination | Gateway  |     Genmask     | Interface | Flags |
[   12.944645] cloud-init[640]: ci-info: +-------+-------------+----------+-----------------+-----------+-------+
[   12.949903] cloud-init[640]: ci-info: |   0   |   0.0.0.0   | 10.0.2.2 |     0.0.0.0     |   enp0s3  |   UG  |
[   12.954800] cloud-init[640]: ci-info: |   1   |   10.0.2.0  | 0.0.0.0  |  255.255.255.0  |   enp0s3  |   U   |
[   12.959909] cloud-init[640]: ci-info: |   2   |   10.0.2.2  | 0.0.0.0  | 255.255.255.255 |   enp0s3  |   UH  |
[   12.964784] cloud-init[640]: ci-info: +-------+-------------+----------+-----------------+-----------+-------+
[   12.968678] cloud-init[640]: ci-info: +++++++++++++++++++Route IPv6 info+++++++++++++++++++
[   12.971178] cloud-init[640]: ci-info: +-------+-------------+---------+-----------+-------+
[   12.974727] cloud-init[640]: ci-info: | Route | Destination | Gateway | Interface | Flags |
[   12.988587] cloud-init[640]: ci-info: +-------+-------------+---------+-----------+-------+
[   12.992233] cloud-init[640]: ci-info: |   1   |  fe80::/64  |    ::   |   enp0s3  |   U   |
[   12.996327] cloud-init[640]: ci-info: |   3   |    local    |    ::   |   enp0s3  |   U   |
[   13.001144] cloud-init[640]: ci-info: |   4   |   ff00::/8  |    ::   |   enp0s3  |   U   |
[   13.005599] cloud-init[640]: ci-info: +-------+-------------+---------+-----------+-------+
[   14.020464] cloud-init[640]: Generating public/private rsa key pair.
[   14.024349] cloud-init[640]: Your identification has been saved in /etc/ssh/ssh_host_rsa_key.
[   14.029132] cloud-init[640]: Your public key has been saved in /etc/ssh/ssh_host_rsa_key.pub.
[   14.033654] cloud-init[640]: The key fingerprint is:
[   14.036900] cloud-init[640]: SHA256:i+JDmKwd9tWpZynjaCGiMqQrdF2R3GgWE8P1osde7+g root@ubuntu-bionic
[   14.041635] cloud-init[640]: The key's randomart image is:
[   14.044934] cloud-init[640]: +---[RSA 2048]----+
[   14.047933] cloud-init[640]: |      o=B.       |
[   14.050987] cloud-init[640]: |       Oo..      |
[   14.054031] cloud-init[640]: |      o .. .     |
[   14.057082] cloud-init[640]: |       .o .      |
[   14.060021] cloud-init[640]: | . o. .oS+ .     |
[   14.063003] cloud-init[640]: |.oB.o...=.. .    |
[   14.066139] cloud-init[640]: |==.=.o...o   .   |
[   14.069249] cloud-init[640]: |B ..+o+ +   o    |[[0;32m  OK  [0m] Started Initial cloud-init job (metadata service crawler).
[[0;32m  OK  [0m] Reached target System Initialization.
[[0;32m  OK  [0m] Listening on Open-iSCSI iscsid Socket.
[[0;32m  OK  [0m] Started Daily apt download activities.
[[0;32m  OK  [0m] Started Discard unused blocks once a week.
[[0;32m  OK  [0m] Listening on D-Bus System Message Bus Socket.
[[0;32m  OK  [0m] Started ACPI Events Check.
[[0;32m  OK  [0m] Reached target Paths.
[[0;32m  OK  [0m] Started Daily Cleanup of Temporary Directories.
         Starting Socket activation for snappy daemon.
         Starting LXD - unix socket.
[[0;32m  OK  [0m] Listening on ACPID Listen Socket.
[[0;32m  OK  [0m] Listening on UUID daemon activation socket.
[[0;32m  OK  [0m] Started Daily apt upgrade and clean activities.
[[0;32m  OK  [0m] Started Message of the Day.
[[0;32m  OK  [0m] Reached target Timers.
[[0;32m  OK  [0m] Reached target Network is Online.
         Starting Availability of block devices...
[[0;32m  OK  [0m] Reached target Remote File Systems (Pre).
[[0;32m  OK  [0m] Reached target Remote File Systems.
[[0;32m  OK  [0m] Reached target Cloud-config availability.
[[0;32m  OK  [0m] Listening on Socket activation for snappy daemon.
[[0;32m  OK  [0m] Listening on LXD - unix socket.
[[0;32m  OK  [0m] Reached target Sockets.
[[0;32m  OK  [0m] Reached target Basic System.
         Starting Virtualbox guest utils...
[[0;32m  OK  [0m] Started Deferred execution scheduler.
         Starting Dispatcher daemon for systemd-networkd...
         Starting Pollinate to seed the pseudo random number generator...
         Starting Permit User Sessions...
[[0;32m  OK  [0m] Started irqbalance daemon.
         Starting LSB: automatic crash report generation...

[   14.134378] cloud-init[640]: |+o .oo.=  .E .   |
[   14.137428] cloud-init[640]: +----[SHA256]-----+
[   14.140731] cloud-init[640]: Generating public/private dsa key pair.
[   14.144282] cloud-init[640]: Your identification has been saved in /etc/ssh/ssh_host_dsa_key.
[   14.157930] cloud-init[640]: Your public key has been saved in /etc/ssh/ssh_host_dsa_key.pub.[[0;32m  OK  [0m] Started Regular background program processing daemon.
[[0;32m  OK  [0m] Started D-Bus System Message Bus.

[   14.170180] cloud-init[640]: The key fingerprint is:
[   14.176720] cloud-init[640]: SHA256:nnvZJjUnTJoOERhlcHwX3Xzm9Hm0ReUaGsPk2kGI3ww root@ubuntu-bionic
[   14.181705] cloud-init[640]: The key's randomart image is:
[   14.186844] cloud-init[640]: +---[DSA 1024]----+
[   14.191619] cloud-init[640]: |      o*+. .+o ++|
[   14.199352] cloud-init[640]: |      .o+ E=. ..O|
[   14.203194] cloud-init[640]: |         + =* .=B|
[   14.211085] cloud-init[640]: |        . .o+= =+|
[   14.216751] cloud-init[640]: |        S..=o . .|
[   14.222614] cloud-init[640]: |       ...o = .  |
[   14.225772] cloud-init[640]: |        oo + +   |
[   14.227944] cloud-init[640]: |         .= o    |
[   14.230468] cloud-init[640]: |        .. o     |
[   14.232520] cloud-init[640]: +----[SHA256]-----+
[   14.236582] cloud-init[640]: Generating public/private ecdsa key pair.
[   14.240557] cloud-init[640]: Your identification has been saved in /etc/ssh/ssh_host_ecdsa_key.
[   14.251198] cloud-init[640]: Your public key has been saved in /etc/ssh/ssh_host_ecdsa_key.pub.         Starting LXD - container startup/shutdown...

[   14.265068] cloud-init         Starting Snappy daemon...
         Starting LSB: Record successful boot for GRUB...
         Starting Accounts Service...
[640]:          Starting Login Service...
[[0;32m  OK  [0m] Started FUSE filesystem for LXC.
         Starting System Logging Service...
[[0;32m  OK  [0m] Started Availability of block devices.
[[0;32m  OK  [0m] Started Permit User Sessions.
The key fingerprint is:         Starting Hold until boot process finishes up...
         Starting Terminate Plymouth Boot Screen...

[[0;32m  OK  [0m] Started Hold until boot process finishes up.
         Starting Set console scheme...
[[0;32m  OK  [0m] Started Serial Getty on ttyS0.
[   14.293915] cloud-init[640]: SHA256:XUf7n1xhUqT4AHIaKgkjFbXS3mEGcepYpwIdUDEr/uM root@ubuntu-bionic
[[0;32m  OK  [0m] Started Terminate Plymouth Boot Screen.
[   14.354503] cloud-init[640]: The key's randomart image is:
[   14.359035] cloud-init[640]: +---[ECDSA 256]---+
[   14.377309] cloud-init[640]: |o*B++..o o    oo |
[   14.395308] cloud-init[640]: |..o=.=. = . ..o. |
[   14.419133] cloud-init[640]: |o +o=.=.   o.ooo |
[   14.508687] cloud-init[640]: |.o *.* . . .o.o..|
[   14.515345] cloud-init[640]: | .o + . S .  .  o|
[   14.524139] cloud-init[640]: |  ..          . +|
[   14.537175] cloud-init[640]: |   o           o.|
[   14.545718] cloud-init[640]: |  . .            |
[   14.551674] cloud-init[640]: |   E             |
[   14.556267] cloud-init[640]: +----[SHA256]-----+
[   14.558432] cloud-init[640]: Generating public/private ed25519 key pair.
[   14.561554] cloud-init[640]: Your identification has been saved in /etc/ssh/ssh_host_ed25519_key.
[   14.566015] cloud-init[640]: Your public key has been saved in /etc/ssh/ssh_host_ed25519_key.pub.
[   14.569861] cloud-init[640]: The key fingerprint is:
[   14.572029] cloud-init[640]: SHA256:O9v1lOUFCBFh/RqjB+EzQ/7eCYHTt94foP/pPaNzsL4 root@ubuntu-bionic
[   14.575860] cloud-init[640]: The key's randomart image is:
[   14.585999] cloud-init[640]: +--[ED25519 256]--+
[   14.589039] cloud-init[640]: |          *=     |
[   14.591108] cloud-init[640]: |         .o...   |
[   14.595693] cloud-init[640]: |         + +...  |
[   14.597876] cloud-init[640]: |          X = o. |
[   14.599916] cloud-init[640]: |        S  O B .o|
[   14.602003] cloud-init[640]: |         .. *.o+.|
[   14.606624] cloud-init[640]: |        o  +.+=+.|
[   14.608814] cloud-init[640]: |         + .o=++=|
[[0;32m  OK  [0m[   14.611472] cloud-init[640]: |        . . .EO+*|
[   14.612202] cloud-init[640]: +----[SHA256]-----+
] Started Set console scheme.
[[0;32m  OK  [0m] Started Login Service.
[[0;32m  OK  [0m] Started Unattended Upgrades Shutdown.
[[0;32m  OK  [0m] Created slice system-getty.slice.
[[0;32m  OK  [0m] Started Getty on tty1.
[[0;32m  OK  [0m] Reached target Login Prompts.
[[0;32m  OK  [0m] Started LSB: automatic crash report generation.
[[0;32m  OK  [0m] Started System Logging Service.
         Starting Authorization Manager...
[[0;32m  OK  [0m] Started Virtualbox guest utils.
[[0;32m  OK  [0m] Started LSB: Record successful boot for GRUB.
[[0;32m  OK  [0m] Started Authorization Manager.
[[0;32m  OK  [0m] Started Accounts Service.
[[0;32m  OK  [0m] Started LXD - container startup/shutdown.
[[0;32m  OK  [0m] Started Dispatcher daemon for systemd-networkd.
[[0;32m  OK  [0m] Started Snappy daemon.
         Starting Wait until snapd is fully seeded...
[[0;32m  OK  [0m] Started Pollinate to seed the pseudo random number generator.
         Starting OpenBSD Secure Shell server...
[[0;32m  OK  [0m] Started OpenBSD Secure Shell server.
[[0;32m  OK  [0m] Created slice User Slice of vagrant.
[[0;32m  OK  [0m] Started Session 1 of user vagrant.
         Starting User Manager for UID 1000...
[[0;32m  OK  [0m] Started User Manager for UID 1000.

Ubuntu 18.04.2 LTS ubuntu-bionic ttyS0

ubuntu-bionic login: [   26.566242] cloud-init[1618]: Cloud-init v. 18.5-45-g3554ffe8-0ubuntu1~18.04.1 running 'modules:config' at Mon, 25 Mar 2019 01:00:54 +0000. Up 26.11 seconds.
ci-info: no authorized ssh keys fingerprints found for user ubuntu.
<14>Mar 25 01:00:55 ec2: 
<14>Mar 25 01:00:55 ec2: #############################################################
<14>Mar 25 01:00:55 ec2: -----BEGIN SSH HOST KEY FINGERPRINTS-----
<14>Mar 25 01:00:55 ec2: 1024 SHA256:nnvZJjUnTJoOERhlcHwX3Xzm9Hm0ReUaGsPk2kGI3ww root@ubuntu-bionic (DSA)
<14>Mar 25 01:00:55 ec2: 256 SHA256:XUf7n1xhUqT4AHIaKgkjFbXS3mEGcepYpwIdUDEr/uM root@ubuntu-bionic (ECDSA)
<14>Mar 25 01:00:55 ec2: 256 SHA256:O9v1lOUFCBFh/RqjB+EzQ/7eCYHTt94foP/pPaNzsL4 root@ubuntu-bionic (ED25519)
<14>Mar 25 01:00:55 ec2: 2048 SHA256:i+JDmKwd9tWpZynjaCGiMqQrdF2R3GgWE8P1osde7+g root@ubuntu-bionic (RSA)
<14>Mar 25 01:00:55 ec2: -----END SSH HOST KEY FINGERPRINTS-----
<14>Mar 25 01:00:55 ec2: #############################################################
-----BEGIN SSH HOST KEY KEYS-----
ecdsa-sha2-nistp256 AAAAE2VjZHNhLXNoYTItbmlzdHAyNTYAAAAIbmlzdHAyNTYAAABBBDRmXfiHCeNLwYwXSNnOjX2Pf9oI82Ya2Aqr/cn5Ht+QOeEayxAOS9X/7UYTOFXkE92VWIQx+UzgK90yBFkLR1A= root@ubuntu-bionic
ssh-ed25519 AAAAC3NzaC1lZDI1NTE5AAAAIBZQy5O3DZg8r7yJqb48g5XZ8qmzJMl4qdRewT2m7jWR root@ubuntu-bionic
ssh-rsa AAAAB3NzaC1yc2EAAAADAQABAAABAQDYV/lHP3fLL9veAeCOcimpfjRetWdgvRInqNxp7nEUw9vc0bq6DxFxZZZOqv1gxL+1u/HNv8pAHBJ732Cyi1SRWwLIozlqgADA7OBZ8iEmkb1sX7Ws+x9VqIyDGpOrxFOI+jULBggewWTQQUnFl251x8w3FWHZkr/u7jbctYgbWta1p0OZ2mAIg/pG9qJdye3UNT8mENp+P7U7ElHOTx4UWHjDvHXAYzzclIFAnMNq6C3J77GJE2lm+3Ee6xWAyn8s03TbLiD22X+xkFdgZo1L8J4zPFVwEEyInlWYBqY4laJwi8Xw5Nbb3ymLM/nIGQk4viX72xCv01FgUItLpmS/ root@ubuntu-bionic
-----END SSH HOST KEY KEYS-----
[   27.112947] cloud-init[1765]: Cloud-init v. 18.5-45-g3554ffe8-0ubuntu1~18.04.1 running 'modules:final' at Mon, 25 Mar 2019 01:00:55 +0000. Up 26.93 seconds.
[   27.119884] cloud-init[1765]: ci-info: no authorized ssh keys fingerprints found for user ubuntu.
[   27.124720] cloud-init[1765]: Cloud-init v. 18.5-45-g3554ffe8-0ubuntu1~18.04.1 finished at Mon, 25 Mar 2019 01:00:55 +0000. Datasource DataSourceNoCloud [seed=/dev/sdb][dsmode=net].  Up 27.07 seconds
         Stopping Authorization Manager...
         Stopping User Manager for UID 1000...
[[0;32m  OK  [0m] Stopped target Timers.
[[0;32m  OK  [0m] Stopped Daily Cleanup of Temporary Directories.
[[0;32m  OK  [0m] Stopped target Cloud-init target.
[[0;32m  OK  [0m] Stopped Execute cloud user/final scripts.
[[0;32m  OK  [0m] Stopped Message of the Day.
[[0;32m  OK  [0m] Stopped Daily apt upgrade and clean activities.
[[0;32m  OK  [0m] Stopped target Host and Network Name Lookups.
[[0;32m  OK  [0m] Stopped Apply the settings specified in cloud-config.
[[0;32m  OK  [0m] Stopped target Cloud-config availability.
[[0;32m  OK           Stopping LXD - container startup/shutdown...
         Stopping Deferred execution scheduler...
         Stopping D-Bus System Message Bus...
         Stopping LSB: automatic crash report generation...
         Stopping LSB: Record successful boot for GRUB...
[[0;32m  OK  [0m] Unmounted /var/lib/lxcfs.
[[0;32m  OK  [0m] Stopped Deferred execution scheduler.
[[0;32m  OK  [0m] Stopped Dispatcher daemon for systemd-networkd.
[[0;32m  OK  [0m] Stopped irqbalance daemon.
[[0;32m  OK  [0m] Stopped Regular background program processing daemon.
[[0;32m  OK  [0m] Stopped Accounts Service.
[[0;32m  OK  [0m] Stopped System Logging Service.
[[0;32m  OK  [0m] Stopped Serial Getty on ttyS0.
[[0;32m  OK  [0m] Stopped Unattended Upgrades Shutdown.
[[0;32m  OK  [0m] Stopped Getty on tty1.
[[0;32m  OK  [0m] Stopped Authorization Manager.
[[0;32m  OK  [0m] Stopped OpenBSD Secure Shell server.
[[0;32m  OK  [0m] Stopped User Manager for UID 1000.
[[0;32m  OK  [0m] Stopped Availability of block devices.
[[0;32m  OK  [0m] Stopped D-Bus System Message Bus.
[[0;32m  OK  [0m] Stopped FUSE filesystem for LXC.
[[0;32m  OK  [0m] Stopped Session 6 of user vagrant.
[[0;32m  OK  [0m] Stopped LXD - container startup/shutdown.
[[0;32m  OK  [0m] Removed slice User Slice of vagrant.
[[0;32m  OK  [0m] Removed slice system-getty.slice.
         Stopping Login Service...
[[0;32m  OK  [0m] Removed slice system-serial\x2dgetty.slice.
         Stopping Permit User Sessions...
[[0;32m  OK  [0m] Stopped Virtualbox guest utils.
[[0;32m  OK  [0m] Stopped LSB: automatic crash report generation.
[[0;32m  OK  [0m] Stopped LSB: Record successful boot for GRUB.
[[0;32m  OK  [0m] Stopped Permit User Sessions.
[[0;32m  OK  [0m] Stopped target Network.
         Stopping Network Name Resolution...
[[0;32m  OK  [0m] Stopped target Remote File Systems.
[[0;32m  OK  [0m] Stopped target Remote File Systems (Pre).
[[0;32m  OK  [0m] Stopped Network Name Resolution.
         Stopping Network Service...
[[0;32m  OK  [0m] Stopped Login Service.
[[0;32m  OK  [0m] Stopped target User and Group Name Lookups.
[[0;32m  OK  [0m] Stopped target Basic System.
[[0;32m  OK  [0m] Stopped target Slices.
[[0;32m  OK  [0m] Removed slice User and Session Slice.
[[0;32m  OK  [0m] Stopped target Sockets.
[[0;32m  OK  [0m] Closed LXD - unix socket.
[[0;32m  OK  [0m] Closed UUID daemon activation socket.
[[0;32m  OK  [0m] Closed Socket activation for snappy daemon.
[[0;32m  OK  [0m] Closed D-Bus System Message Bus Socket.
[[0;32m  OK  [0m] Closed Syslog Socket.
[[0;32m  OK  [0m] Closed Open-iSCSI iscsid Socket.
[[0;32m  OK  [0m] Closed ACPID Listen Socket.
[[0;32m  OK  [0m] Stopped target Paths.
[[0;32m  OK  [0m] Stopped ACPI Events Check.
[[0;32m  OK  [0m] Stopped target System Initialization.
         Stopping Update UTMP about System Boot/Shutdown...
         Stopping Load/Save Random Seed...
[[0;32m  OK  [0m] Stopped Commit a transient machine-id on disk.
[[0;32m  OK  [0m] Stopped target Local Encrypted Volumes.
[[0;32m  OK  [0m] Stopped Forward Password Requests to Wall Directory Watch.
[[0;32m  OK  [0m] Stopped Dispatch Password Requests to Console Directory Watch.
[[0;32m  OK  [0m] Stopped Initial cloud-init job (metadata service crawler).
[[0;32m  OK  [0m] Stopped Network Service.
[[0;32m  OK  [0m] Stopped Load/Save Random Seed.
[[0;32m  OK  [0m] Stopped Apply Kernel Variables.
[[0;32m  OK  [0m] Stopped Load Kernel Modules.
[[0;32m  OK  [0m] Stopped target Network (Pre).
[[0;32m  OK  [0m] Stopped Initial cloud-init job (pre-networking).
[[0;32m  OK  [0m] Stopped Update UTMP about System Boot/Shutdown.
[[0;32m  OK  [0m] Stopped Create Volatile Files and Directories.
[[0;32m  OK  [0m] Stopped target Local File Systems.
         Unmounting /run/user/1000...
         Unmounting /vagrant...
[[0;32m  OK  [0m] Unmounted /run/user/1000.
[[0;32m  OK  [0m] Unmounted /vagrant.
[[0;32m  OK  [0m] Reached target Unmount All Filesystems.
[[0;32m  OK  [0m] Stopped target Local File Systems (Pre).
[[0;32m  OK  [0m] Stopped Create Static Device Nodes in /dev.
[[0;32m  OK  [0m] Stopped Remount Root and Kernel File Systems.
         Stopping Monitoring of LVM2 mirrorsâ€¦ng dmeventd or progress polling...
[[0;32m  OK  [0m] Stopped target Swap.
[[0;32m  OK  [0m] Reached target Shutdown.
[[0;32m  OK  [0m] Reached target Final Step.
         Starting Power-Off...
[[0;32m  OK  [0m] Stopped Monitoring of LVM2 mirrors,â€¦sing dmeventd or progress polling.
         Stopping LVM2 metadata daemon...
[[0;32m  OK  [0m] Stopped LVM2 metadata daemon.
[ 3197.384885] reboot: Power down
